// Jest Snapshot v1, https://goo.gl/fbAQLP

exports[`convert accepts read stream as input 1`] = `
Object {
  "author": "Quentin Roy",
  "description": "Some useless text",
  "id": "test",
  "runs": Array [
    Object {
      "id": "S0",
      "tasks": Array [
        Object {
          "practice": true,
          "type": "block-startup",
        },
        Object {
          "factorFloat": 10.254,
          "factorInt": 2,
          "factorString": "foo",
          "practice": true,
          "type": "trial",
        },
        Object {
          "factorFloat": 10.254,
          "factorInt": 1,
          "factorString": "bar",
          "practice": true,
          "type": "trial",
        },
        Object {
          "factorInt": 2,
          "practice": true,
          "type": "block-startup",
        },
        Object {
          "factorFloat": 10.254,
          "factorInt": 2,
          "factorString": "bar",
          "practice": true,
          "type": "trial",
        },
        Object {
          "factorFloat": 10.254,
          "factorInt": 2,
          "factorString": "foo",
          "practice": true,
          "type": "trial",
        },
        Object {
          "factorInt": 2,
          "number": 1,
          "practice": false,
          "type": "block-startup",
        },
        Object {
          "blockNumber": 1,
          "factorFloat": 0.5,
          "factorInt": 2,
          "factorString": "foo",
          "number": 0,
          "practice": false,
          "type": "trial",
        },
        Object {
          "blockNumber": 1,
          "factorFloat": 10.254,
          "factorInt": 2,
          "factorString": "foo",
          "number": 1,
          "practice": false,
          "type": "trial",
        },
        Object {
          "blockNumber": 1,
          "factorFloat": 0.5,
          "factorInt": 2,
          "factorString": "bar",
          "number": 2,
          "practice": false,
          "type": "trial",
        },
        Object {
          "blockNumber": 1,
          "factorFloat": 10.254,
          "factorInt": 2,
          "factorString": "bar",
          "number": 3,
          "practice": false,
          "type": "trial",
        },
        Object {
          "factorInt": 1,
          "practice": true,
          "type": "block-startup",
        },
        Object {
          "factorFloat": 10.254,
          "factorInt": 1,
          "factorString": "bar",
          "practice": true,
          "type": "trial",
        },
        Object {
          "factorFloat": 10.254,
          "factorInt": 1,
          "factorString": "foo",
          "practice": true,
          "type": "trial",
        },
        Object {
          "factorInt": 1,
          "number": 2,
          "practice": false,
          "type": "block-startup",
        },
        Object {
          "blockNumber": 2,
          "factorFloat": 10.254,
          "factorInt": 1,
          "factorString": "bar",
          "number": 0,
          "practice": false,
          "type": "trial",
        },
        Object {
          "blockNumber": 2,
          "factorFloat": 10.254,
          "factorInt": 1,
          "factorString": "foo",
          "number": 1,
          "practice": false,
          "type": "trial",
        },
        Object {
          "blockNumber": 2,
          "factorFloat": 0.5,
          "factorInt": 1,
          "factorString": "bar",
          "number": 2,
          "practice": false,
          "type": "trial",
        },
        Object {
          "blockNumber": 2,
          "factorFloat": 0.5,
          "factorInt": 1,
          "factorString": "foo",
          "number": 3,
          "practice": false,
          "type": "trial",
        },
      ],
    },
    Object {
      "id": "S1",
      "tasks": Array [
        Object {
          "practice": true,
          "type": "block-startup",
        },
        Object {
          "factorFloat": 0.5,
          "factorInt": 2,
          "factorString": "foo",
          "practice": true,
          "type": "trial",
        },
        Object {
          "factorFloat": 10.254,
          "factorInt": 2,
          "factorString": "foo",
          "practice": true,
          "type": "trial",
        },
        Object {
          "factorInt": 1,
          "practice": true,
          "type": "block-startup",
        },
        Object {
          "factorFloat": 10.254,
          "factorInt": 1,
          "factorString": "foo",
          "practice": true,
          "type": "trial",
        },
        Object {
          "factorFloat": 10.254,
          "factorInt": 1,
          "factorString": "bar",
          "practice": true,
          "type": "trial",
        },
        Object {
          "factorInt": 1,
          "number": 1,
          "practice": false,
          "type": "block-startup",
        },
        Object {
          "blockNumber": 1,
          "factorFloat": 0.5,
          "factorInt": 1,
          "factorString": "bar",
          "number": 0,
          "practice": false,
          "type": "trial",
        },
        Object {
          "blockNumber": 1,
          "factorFloat": 0.5,
          "factorInt": 1,
          "factorString": "foo",
          "number": 1,
          "practice": false,
          "type": "trial",
        },
        Object {
          "blockNumber": 1,
          "factorFloat": 10.254,
          "factorInt": 1,
          "factorString": "foo",
          "number": 2,
          "practice": false,
          "type": "trial",
        },
        Object {
          "blockNumber": 1,
          "factorFloat": 10.254,
          "factorInt": 1,
          "factorString": "bar",
          "number": 3,
          "practice": false,
          "type": "trial",
        },
        Object {
          "factorInt": 2,
          "practice": true,
          "type": "block-startup",
        },
        Object {
          "factorFloat": 10.254,
          "factorInt": 2,
          "factorString": "bar",
          "practice": true,
          "type": "trial",
        },
        Object {
          "factorFloat": 0.5,
          "factorInt": 2,
          "factorString": "foo",
          "practice": true,
          "type": "trial",
        },
        Object {
          "factorInt": 2,
          "number": 2,
          "practice": false,
          "type": "block-startup",
        },
        Object {
          "blockNumber": 2,
          "factorFloat": 10.254,
          "factorInt": 2,
          "factorString": "bar",
          "number": 0,
          "practice": false,
          "type": "trial",
        },
        Object {
          "blockNumber": 2,
          "factorFloat": 0.5,
          "factorInt": 2,
          "factorString": "bar",
          "number": 1,
          "practice": false,
          "type": "trial",
        },
        Object {
          "blockNumber": 2,
          "factorFloat": 0.5,
          "factorInt": 2,
          "factorString": "foo",
          "number": 2,
          "practice": false,
          "type": "trial",
        },
        Object {
          "blockNumber": 2,
          "factorFloat": 10.254,
          "factorInt": 2,
          "factorString": "foo",
          "number": 3,
          "practice": false,
          "type": "trial",
        },
      ],
    },
  ],
}
`;

exports[`convert accepts strings as input 1`] = `
Object {
  "author": "Quentin Roy",
  "description": "Some useless text",
  "id": "test",
  "runs": Array [
    Object {
      "id": "S0",
      "tasks": Array [
        Object {
          "practice": true,
          "type": "block-startup",
        },
        Object {
          "factorFloat": 10.254,
          "factorInt": 2,
          "factorString": "foo",
          "practice": true,
          "type": "trial",
        },
        Object {
          "factorFloat": 10.254,
          "factorInt": 1,
          "factorString": "bar",
          "practice": true,
          "type": "trial",
        },
        Object {
          "factorInt": 2,
          "practice": true,
          "type": "block-startup",
        },
        Object {
          "factorFloat": 10.254,
          "factorInt": 2,
          "factorString": "bar",
          "practice": true,
          "type": "trial",
        },
        Object {
          "factorFloat": 10.254,
          "factorInt": 2,
          "factorString": "foo",
          "practice": true,
          "type": "trial",
        },
        Object {
          "factorInt": 2,
          "number": 1,
          "practice": false,
          "type": "block-startup",
        },
        Object {
          "blockNumber": 1,
          "factorFloat": 0.5,
          "factorInt": 2,
          "factorString": "foo",
          "number": 0,
          "practice": false,
          "type": "trial",
        },
        Object {
          "blockNumber": 1,
          "factorFloat": 10.254,
          "factorInt": 2,
          "factorString": "foo",
          "number": 1,
          "practice": false,
          "type": "trial",
        },
        Object {
          "blockNumber": 1,
          "factorFloat": 0.5,
          "factorInt": 2,
          "factorString": "bar",
          "number": 2,
          "practice": false,
          "type": "trial",
        },
        Object {
          "blockNumber": 1,
          "factorFloat": 10.254,
          "factorInt": 2,
          "factorString": "bar",
          "number": 3,
          "practice": false,
          "type": "trial",
        },
        Object {
          "factorInt": 1,
          "practice": true,
          "type": "block-startup",
        },
        Object {
          "factorFloat": 10.254,
          "factorInt": 1,
          "factorString": "bar",
          "practice": true,
          "type": "trial",
        },
        Object {
          "factorFloat": 10.254,
          "factorInt": 1,
          "factorString": "foo",
          "practice": true,
          "type": "trial",
        },
        Object {
          "factorInt": 1,
          "number": 2,
          "practice": false,
          "type": "block-startup",
        },
        Object {
          "blockNumber": 2,
          "factorFloat": 10.254,
          "factorInt": 1,
          "factorString": "bar",
          "number": 0,
          "practice": false,
          "type": "trial",
        },
        Object {
          "blockNumber": 2,
          "factorFloat": 10.254,
          "factorInt": 1,
          "factorString": "foo",
          "number": 1,
          "practice": false,
          "type": "trial",
        },
        Object {
          "blockNumber": 2,
          "factorFloat": 0.5,
          "factorInt": 1,
          "factorString": "bar",
          "number": 2,
          "practice": false,
          "type": "trial",
        },
        Object {
          "blockNumber": 2,
          "factorFloat": 0.5,
          "factorInt": 1,
          "factorString": "foo",
          "number": 3,
          "practice": false,
          "type": "trial",
        },
      ],
    },
    Object {
      "id": "S1",
      "tasks": Array [
        Object {
          "practice": true,
          "type": "block-startup",
        },
        Object {
          "factorFloat": 0.5,
          "factorInt": 2,
          "factorString": "foo",
          "practice": true,
          "type": "trial",
        },
        Object {
          "factorFloat": 10.254,
          "factorInt": 2,
          "factorString": "foo",
          "practice": true,
          "type": "trial",
        },
        Object {
          "factorInt": 1,
          "practice": true,
          "type": "block-startup",
        },
        Object {
          "factorFloat": 10.254,
          "factorInt": 1,
          "factorString": "foo",
          "practice": true,
          "type": "trial",
        },
        Object {
          "factorFloat": 10.254,
          "factorInt": 1,
          "factorString": "bar",
          "practice": true,
          "type": "trial",
        },
        Object {
          "factorInt": 1,
          "number": 1,
          "practice": false,
          "type": "block-startup",
        },
        Object {
          "blockNumber": 1,
          "factorFloat": 0.5,
          "factorInt": 1,
          "factorString": "bar",
          "number": 0,
          "practice": false,
          "type": "trial",
        },
        Object {
          "blockNumber": 1,
          "factorFloat": 0.5,
          "factorInt": 1,
          "factorString": "foo",
          "number": 1,
          "practice": false,
          "type": "trial",
        },
        Object {
          "blockNumber": 1,
          "factorFloat": 10.254,
          "factorInt": 1,
          "factorString": "foo",
          "number": 2,
          "practice": false,
          "type": "trial",
        },
        Object {
          "blockNumber": 1,
          "factorFloat": 10.254,
          "factorInt": 1,
          "factorString": "bar",
          "number": 3,
          "practice": false,
          "type": "trial",
        },
        Object {
          "factorInt": 2,
          "practice": true,
          "type": "block-startup",
        },
        Object {
          "factorFloat": 10.254,
          "factorInt": 2,
          "factorString": "bar",
          "practice": true,
          "type": "trial",
        },
        Object {
          "factorFloat": 0.5,
          "factorInt": 2,
          "factorString": "foo",
          "practice": true,
          "type": "trial",
        },
        Object {
          "factorInt": 2,
          "number": 2,
          "practice": false,
          "type": "block-startup",
        },
        Object {
          "blockNumber": 2,
          "factorFloat": 10.254,
          "factorInt": 2,
          "factorString": "bar",
          "number": 0,
          "practice": false,
          "type": "trial",
        },
        Object {
          "blockNumber": 2,
          "factorFloat": 0.5,
          "factorInt": 2,
          "factorString": "bar",
          "number": 1,
          "practice": false,
          "type": "trial",
        },
        Object {
          "blockNumber": 2,
          "factorFloat": 0.5,
          "factorInt": 2,
          "factorString": "foo",
          "number": 2,
          "practice": false,
          "type": "trial",
        },
        Object {
          "blockNumber": 2,
          "factorFloat": 10.254,
          "factorInt": 2,
          "factorString": "foo",
          "number": 3,
          "practice": false,
          "type": "trial",
        },
      ],
    },
  ],
}
`;

exports[`convert block and trial's type can be changed 1`] = `
Object {
  "author": "Quentin Roy",
  "description": "Some useless text",
  "id": "test",
  "runs": Array [
    Object {
      "id": "S0",
      "tasks": Array [
        Object {
          "practice": true,
          "type": "mock-block-startup",
        },
        Object {
          "factorFloat": 10.254,
          "factorInt": 2,
          "factorString": "foo",
          "practice": true,
          "type": "mock-trial",
        },
        Object {
          "factorFloat": 10.254,
          "factorInt": 1,
          "factorString": "bar",
          "practice": true,
          "type": "mock-trial",
        },
        Object {
          "factorInt": 2,
          "practice": true,
          "type": "mock-block-startup",
        },
        Object {
          "factorFloat": 10.254,
          "factorInt": 2,
          "factorString": "bar",
          "practice": true,
          "type": "mock-trial",
        },
        Object {
          "factorFloat": 10.254,
          "factorInt": 2,
          "factorString": "foo",
          "practice": true,
          "type": "mock-trial",
        },
        Object {
          "factorInt": 2,
          "number": 1,
          "practice": false,
          "type": "mock-block-startup",
        },
        Object {
          "blockNumber": 1,
          "factorFloat": 0.5,
          "factorInt": 2,
          "factorString": "foo",
          "number": 0,
          "practice": false,
          "type": "mock-trial",
        },
        Object {
          "blockNumber": 1,
          "factorFloat": 10.254,
          "factorInt": 2,
          "factorString": "foo",
          "number": 1,
          "practice": false,
          "type": "mock-trial",
        },
        Object {
          "blockNumber": 1,
          "factorFloat": 0.5,
          "factorInt": 2,
          "factorString": "bar",
          "number": 2,
          "practice": false,
          "type": "mock-trial",
        },
        Object {
          "blockNumber": 1,
          "factorFloat": 10.254,
          "factorInt": 2,
          "factorString": "bar",
          "number": 3,
          "practice": false,
          "type": "mock-trial",
        },
        Object {
          "factorInt": 1,
          "practice": true,
          "type": "mock-block-startup",
        },
        Object {
          "factorFloat": 10.254,
          "factorInt": 1,
          "factorString": "bar",
          "practice": true,
          "type": "mock-trial",
        },
        Object {
          "factorFloat": 10.254,
          "factorInt": 1,
          "factorString": "foo",
          "practice": true,
          "type": "mock-trial",
        },
        Object {
          "factorInt": 1,
          "number": 2,
          "practice": false,
          "type": "mock-block-startup",
        },
        Object {
          "blockNumber": 2,
          "factorFloat": 10.254,
          "factorInt": 1,
          "factorString": "bar",
          "number": 0,
          "practice": false,
          "type": "mock-trial",
        },
        Object {
          "blockNumber": 2,
          "factorFloat": 10.254,
          "factorInt": 1,
          "factorString": "foo",
          "number": 1,
          "practice": false,
          "type": "mock-trial",
        },
        Object {
          "blockNumber": 2,
          "factorFloat": 0.5,
          "factorInt": 1,
          "factorString": "bar",
          "number": 2,
          "practice": false,
          "type": "mock-trial",
        },
        Object {
          "blockNumber": 2,
          "factorFloat": 0.5,
          "factorInt": 1,
          "factorString": "foo",
          "number": 3,
          "practice": false,
          "type": "mock-trial",
        },
      ],
    },
    Object {
      "id": "S1",
      "tasks": Array [
        Object {
          "practice": true,
          "type": "mock-block-startup",
        },
        Object {
          "factorFloat": 0.5,
          "factorInt": 2,
          "factorString": "foo",
          "practice": true,
          "type": "mock-trial",
        },
        Object {
          "factorFloat": 10.254,
          "factorInt": 2,
          "factorString": "foo",
          "practice": true,
          "type": "mock-trial",
        },
        Object {
          "factorInt": 1,
          "practice": true,
          "type": "mock-block-startup",
        },
        Object {
          "factorFloat": 10.254,
          "factorInt": 1,
          "factorString": "foo",
          "practice": true,
          "type": "mock-trial",
        },
        Object {
          "factorFloat": 10.254,
          "factorInt": 1,
          "factorString": "bar",
          "practice": true,
          "type": "mock-trial",
        },
        Object {
          "factorInt": 1,
          "number": 1,
          "practice": false,
          "type": "mock-block-startup",
        },
        Object {
          "blockNumber": 1,
          "factorFloat": 0.5,
          "factorInt": 1,
          "factorString": "bar",
          "number": 0,
          "practice": false,
          "type": "mock-trial",
        },
        Object {
          "blockNumber": 1,
          "factorFloat": 0.5,
          "factorInt": 1,
          "factorString": "foo",
          "number": 1,
          "practice": false,
          "type": "mock-trial",
        },
        Object {
          "blockNumber": 1,
          "factorFloat": 10.254,
          "factorInt": 1,
          "factorString": "foo",
          "number": 2,
          "practice": false,
          "type": "mock-trial",
        },
        Object {
          "blockNumber": 1,
          "factorFloat": 10.254,
          "factorInt": 1,
          "factorString": "bar",
          "number": 3,
          "practice": false,
          "type": "mock-trial",
        },
        Object {
          "factorInt": 2,
          "practice": true,
          "type": "mock-block-startup",
        },
        Object {
          "factorFloat": 10.254,
          "factorInt": 2,
          "factorString": "bar",
          "practice": true,
          "type": "mock-trial",
        },
        Object {
          "factorFloat": 0.5,
          "factorInt": 2,
          "factorString": "foo",
          "practice": true,
          "type": "mock-trial",
        },
        Object {
          "factorInt": 2,
          "number": 2,
          "practice": false,
          "type": "mock-block-startup",
        },
        Object {
          "blockNumber": 2,
          "factorFloat": 10.254,
          "factorInt": 2,
          "factorString": "bar",
          "number": 0,
          "practice": false,
          "type": "mock-trial",
        },
        Object {
          "blockNumber": 2,
          "factorFloat": 0.5,
          "factorInt": 2,
          "factorString": "bar",
          "number": 1,
          "practice": false,
          "type": "mock-trial",
        },
        Object {
          "blockNumber": 2,
          "factorFloat": 0.5,
          "factorInt": 2,
          "factorString": "foo",
          "number": 2,
          "practice": false,
          "type": "mock-trial",
        },
        Object {
          "blockNumber": 2,
          "factorFloat": 10.254,
          "factorInt": 2,
          "factorString": "foo",
          "number": 3,
          "practice": false,
          "type": "mock-trial",
        },
      ],
    },
  ],
}
`;

exports[`convert block startups can be disabled 1`] = `
Object {
  "author": "Quentin Roy",
  "description": "Some useless text",
  "id": "test",
  "runs": Array [
    Object {
      "id": "S0",
      "tasks": Array [
        Object {
          "factorFloat": 10.254,
          "factorInt": 2,
          "factorString": "foo",
          "practice": true,
          "type": "trial",
        },
        Object {
          "factorFloat": 10.254,
          "factorInt": 1,
          "factorString": "bar",
          "practice": true,
          "type": "trial",
        },
        Object {
          "factorFloat": 10.254,
          "factorInt": 2,
          "factorString": "bar",
          "practice": true,
          "type": "trial",
        },
        Object {
          "factorFloat": 10.254,
          "factorInt": 2,
          "factorString": "foo",
          "practice": true,
          "type": "trial",
        },
        Object {
          "blockNumber": 1,
          "factorFloat": 0.5,
          "factorInt": 2,
          "factorString": "foo",
          "number": 0,
          "practice": false,
          "type": "trial",
        },
        Object {
          "blockNumber": 1,
          "factorFloat": 10.254,
          "factorInt": 2,
          "factorString": "foo",
          "number": 1,
          "practice": false,
          "type": "trial",
        },
        Object {
          "blockNumber": 1,
          "factorFloat": 0.5,
          "factorInt": 2,
          "factorString": "bar",
          "number": 2,
          "practice": false,
          "type": "trial",
        },
        Object {
          "blockNumber": 1,
          "factorFloat": 10.254,
          "factorInt": 2,
          "factorString": "bar",
          "number": 3,
          "practice": false,
          "type": "trial",
        },
        Object {
          "factorFloat": 10.254,
          "factorInt": 1,
          "factorString": "bar",
          "practice": true,
          "type": "trial",
        },
        Object {
          "factorFloat": 10.254,
          "factorInt": 1,
          "factorString": "foo",
          "practice": true,
          "type": "trial",
        },
        Object {
          "blockNumber": 2,
          "factorFloat": 10.254,
          "factorInt": 1,
          "factorString": "bar",
          "number": 0,
          "practice": false,
          "type": "trial",
        },
        Object {
          "blockNumber": 2,
          "factorFloat": 10.254,
          "factorInt": 1,
          "factorString": "foo",
          "number": 1,
          "practice": false,
          "type": "trial",
        },
        Object {
          "blockNumber": 2,
          "factorFloat": 0.5,
          "factorInt": 1,
          "factorString": "bar",
          "number": 2,
          "practice": false,
          "type": "trial",
        },
        Object {
          "blockNumber": 2,
          "factorFloat": 0.5,
          "factorInt": 1,
          "factorString": "foo",
          "number": 3,
          "practice": false,
          "type": "trial",
        },
      ],
    },
    Object {
      "id": "S1",
      "tasks": Array [
        Object {
          "factorFloat": 0.5,
          "factorInt": 2,
          "factorString": "foo",
          "practice": true,
          "type": "trial",
        },
        Object {
          "factorFloat": 10.254,
          "factorInt": 2,
          "factorString": "foo",
          "practice": true,
          "type": "trial",
        },
        Object {
          "factorFloat": 10.254,
          "factorInt": 1,
          "factorString": "foo",
          "practice": true,
          "type": "trial",
        },
        Object {
          "factorFloat": 10.254,
          "factorInt": 1,
          "factorString": "bar",
          "practice": true,
          "type": "trial",
        },
        Object {
          "blockNumber": 1,
          "factorFloat": 0.5,
          "factorInt": 1,
          "factorString": "bar",
          "number": 0,
          "practice": false,
          "type": "trial",
        },
        Object {
          "blockNumber": 1,
          "factorFloat": 0.5,
          "factorInt": 1,
          "factorString": "foo",
          "number": 1,
          "practice": false,
          "type": "trial",
        },
        Object {
          "blockNumber": 1,
          "factorFloat": 10.254,
          "factorInt": 1,
          "factorString": "foo",
          "number": 2,
          "practice": false,
          "type": "trial",
        },
        Object {
          "blockNumber": 1,
          "factorFloat": 10.254,
          "factorInt": 1,
          "factorString": "bar",
          "number": 3,
          "practice": false,
          "type": "trial",
        },
        Object {
          "factorFloat": 10.254,
          "factorInt": 2,
          "factorString": "bar",
          "practice": true,
          "type": "trial",
        },
        Object {
          "factorFloat": 0.5,
          "factorInt": 2,
          "factorString": "foo",
          "practice": true,
          "type": "trial",
        },
        Object {
          "blockNumber": 2,
          "factorFloat": 10.254,
          "factorInt": 2,
          "factorString": "bar",
          "number": 0,
          "practice": false,
          "type": "trial",
        },
        Object {
          "blockNumber": 2,
          "factorFloat": 0.5,
          "factorInt": 2,
          "factorString": "bar",
          "number": 1,
          "practice": false,
          "type": "trial",
        },
        Object {
          "blockNumber": 2,
          "factorFloat": 0.5,
          "factorInt": 2,
          "factorString": "foo",
          "number": 2,
          "practice": false,
          "type": "trial",
        },
        Object {
          "blockNumber": 2,
          "factorFloat": 10.254,
          "factorInt": 2,
          "factorString": "foo",
          "number": 3,
          "practice": false,
          "type": "trial",
        },
      ],
    },
  ],
}
`;
