// Jest Snapshot v1, https://goo.gl/fbAQLP

exports[`Block view can be removed programmatically 1`] = `<div />`;

exports[`Block view can be shown 1`] = `
<div>
  <div
    class="lightmill-base-app lightmill-base-app-block"
  >
    <div
      class="lightmill-block"
    >
      <div
        class="lightmill-message"
      >
        Time for a break?
      </div>
      <h1>
        Block NaN
      </h1>
      <div
        class="lightmill-values"
      >
        <div
          class="lightmill-value"
        >
          mock-factor-name: mock-factor-value-name
        </div>
      </div>
    </div>
  </div>
</div>
`;

exports[`Block view is removed when clicked 1`] = `<div />`;
