// Jest Snapshot v1, https://goo.gl/fbAQLP

exports[`Waiting view can be removed 1`] = `<div />`;

exports[`Waiting view can be shown 1`] = `
<div>
  <div
    class="lightmill-base-app lightmill-base-app-wait"
  >
    <div
      class="lightmill-puck-wrapper"
    >
      <div
        class="lightmill-puck lightmill-puck-1"
      />
      <div
        class="lightmill-puck lightmill-puck-2"
      />
    </div>
  </div>
</div>
`;
